[dotenv@17.2.4] injecting env (9) from .env -- tip: ÔÜÖ´©Å  enable debug logging with { debug: true }
=== PRUEBA DE NUEVA CONSULTA DE DISPONIBILIDAD ===

Ô£ô Encontradas 7 OTs que cuentan como downtime

Primeras 5 OTs:
  [1] EXTRUSION - EMERGENCIA - 1.00 horas
  [2] PELETIZADOR - EMERGENCIA - -22.98 horas
  [3] PELETIZADOR - EMERGENCIA - -23.00 horas
  [4] PELETIZADOR - EMERGENCIA - 144.05 horas
  [5] PELETIZADOR - EMERGENCIA - 144.05 horas

­ƒôè DISPONIBILIDAD POR ├üREA:
ÔöÇÔöÇÔöÇÔöÇÔöÇÔöÇÔöÇÔöÇÔöÇÔöÇÔöÇÔöÇÔöÇÔöÇÔöÇÔöÇÔöÇÔöÇÔöÇÔöÇÔöÇÔöÇÔöÇÔöÇÔöÇÔöÇÔöÇÔöÇÔöÇÔöÇÔöÇÔöÇÔöÇÔöÇÔöÇÔöÇÔöÇÔöÇÔöÇÔöÇÔöÇÔöÇÔöÇÔöÇÔöÇÔöÇÔöÇÔöÇÔöÇÔöÇÔöÇÔöÇÔöÇÔöÇÔöÇÔöÇÔöÇÔöÇÔöÇÔöÇ
  PELETIZADOR           93.95%  ÔûêÔûêÔûêÔûêÔûêÔûêÔûêÔûêÔûêÔûêÔûêÔûêÔûêÔûêÔûêÔûêÔûêÔûêÔûêÔûêÔûêÔûêÔûêÔûêÔûêÔûêÔûêÔûêÔûêÔûêÔûêÔûêÔûêÔûêÔûêÔûêÔûêÔûêÔûêÔûêÔûêÔûêÔûêÔûêÔûêÔûê
                       530.22 hrs downtime
  EXTRUSION             99.99%  ÔûêÔûêÔûêÔûêÔûêÔûêÔûêÔûêÔûêÔûêÔûêÔûêÔûêÔûêÔûêÔûêÔûêÔûêÔûêÔûêÔûêÔûêÔûêÔûêÔûêÔûêÔûêÔûêÔûêÔûêÔûêÔûêÔûêÔûêÔûêÔûêÔûêÔûêÔûêÔûêÔûêÔûêÔûêÔûêÔûêÔûêÔûêÔûêÔûê
                       1.00 hrs downtime

Ô£ô ├üreas con 100% disponibilidad (sin downtime):
  REBOBINADO           100.00%
  PREESTIRADO          100.00%
  CINTAS               100.00%
  SERV. AUX            100.00%
  LINEA BEIER          100.00%
  PTAR                 100.00%
  SERV. AUX            100.00%
  SERV. GEN            100.00%
  SERV. GEN            100.00%
  LINEA BEIER          100.00%
  PTAR                 100.00%
  CINTAS               100.00%
  PREESTIRADO          100.00%
  REBOBINADO           100.00%

=== FIN DE PRUEBA ===
